4
4
10
11
2
3
5
7
3
2
11
3
4
5
7
12
3
4
3
22
3
5
4
4
4
2
3
4
3
5
2
5
8
8
2
3
2
3
3
3
10
9
3
4
10
3
3
2
10
10
5
3
8
2
6
2
5
4
4
3
18
5
11
3
4
7
3
5
5
15
3
16
3
2
16
4
3
4
11
5
8
3
4
3
4
9
2
3
6
3
4
4
2
5
3
18
2
3
2
12
4
3
3
2
3
6
2
11
3
8
2
4
6
4
4
5
8
3
5
9
4
5
4
2
2
4
8
3
6
3
11
2
5
5
4
6
5
6
5
2
6
2
3
2
18
3
4
4
2
6
3
5
3
3
17
5
3
2
4
9
2
8
2
3
10
5
2
4
5
7
15
3
2
13
3
2
5
5
9
3
5
6
5
11
5
3
9
4
4
6
2
9
3
4
4
2
6
2
12
6
7
9
3
8
4
5
8
3
6
5
4
2
2
9
3
3
3
2
3
4
6
3
2
10
5
4
2
2
3
4
3
7
4
7
3
5
2
10
5
4
8
8
19
3
2
6
4
6
2
4
3
2
4
4
7
5
4
8
7
15
16
7
6
7
3
6
8
11
5
25
5
2
7
8
7
5
8
2
14
12
3
2
13
6
5
3
7
2
2
8
5
2
4
5
10
6
3
3
5
4
