32376695
32376695
32376695
21145986
21145986
21145986
21145986
14506164
14506164
14506164
13094114
11769492
11291452
11291452
11291452
11291452
11291452
9008588
8743009
6667365
6667365
6667365
6667365
6667365
5868487
5868487
5868487
5868487
5868487
5868487
5868487
5868487
5868487
5868487
5868487
5090152
5090152
4635283
4635283
4635283
3775169
3775169
3775169
3775169
3775169
3775169
3567976
3567976
3567976
3567976
3567976
3567976
3567976
3567976
3567976
3567976
3567976
3567976
3567976
3567976
3567976
3258427
3258427
3258427
3258427
3258427
3103492
3103492
3103492
3103492
3103492
3103492
3103492
2637480
2637480
2637480
2637480
2637480
2637480
2637480
2637480
2637480
2637480
2637480
2637480
2637480
2637480
2526551
2526551
2526551
2526551
2526551
2526551
2526551
2526551
2526551
2526551
2472415
2472415
2472415
