350049
284540
250949
250949
250949
165138
165138
156357
110445
110445
110445
110445
110445
110445
110445
110445
110445
110445
110445
63232
63232
63232
63232
56989
56989
56989
56989
56989
56989
56989
56989
51644
51644
44055
44055
44055
44055
44055
44055
44055
33708
33708
33708
33708
33708
33708
33708
33708
33708
31826
31826
31826
31826
31826
31826
31826
31826
31826
31826
31826
31826
31826
31826
31826
31826
31826
31826
31826
28852
28852
28852
28852
28852
28852
28852
28852
28852
28852
28852
28852
28852
27005
27005
27005
27005
27005
27005
27005
27005
27005
27005
27005
27005
27005
27005
27005
27005
27005
27005
27005
