9
7
3
3
2
5
2
6
3
7
13
4
2
7
6
3
8
4
5
9
6
2
4
4
9
3
2
4
2
3
4
2
4
5
5
3
7
7
2
5
6
4
13
5
5
13
11
2
5
11
4
9
10
14
7
2
9
10
2
7
7
5
3
6
2
6
5
3
4
20
3
6
4
3
5
5
4
4
4
2
3
4
4
4
5
4
3
6
2
8
4
6
4
2
8
5
3
3
7
2
