4
3
5
4
3
3
2
3
8
4
4
5
4
5
4
2
3
1
3
3
5
2
5
1
9
4
14
7
6
2
2
3
11
6
6
5
9
2
2
2
5
10
8
2
2
4
4
8
2
9
